// Jest Snapshot v1, https://goo.gl/fbAQLP

exports[`Decorator works 1`] = `
<div>
  no color set
</div>
`;
